
> portfolio-app@0.1.0 build
> next build

⚠ `images.domains` is deprecated in favor of `images.remotePatterns`. Please update next.config.ts to protect your application from malicious users.
⚠ Warning: Next.js inferred your workspace root, but it may not be correct.
 We detected multiple lockfiles and selected the directory of E:\Portfolio\package-lock.json as the root directory.
 To silence this warning, set `turbopack.root` in your Next.js config, or consider removing one of the lockfiles if it's not needed.
   See https://nextjs.org/docs/app/api-reference/config/next-config-js/turbopack#root-directory for more information.
 Detected additional lockfiles: 
   * E:\Portfolio\portfolio-app\package-lock.json

▲ Next.js 16.1.6 (Turbopack)
- Environments: .env

  Creating an optimized production build ...

> Build error occurred
Error: Turbopack build failed with 1 errors:
./portfolio-app/src/components/ui/FloatingChatAgent.tsx:18:1
Module not found: Can't resolve 'ai/react'
  16 | import SendIcon from '@mui/icons-material/Send';
  17 | import { motion, AnimatePresence } from 'framer-motion';
> 18 | import { useChat } from 'ai/react';
     | ^^^^^^^^^^^^^^^^^^^^^^^^^^^^^^^^^^^
  19 | import ReactMarkdown from 'react-markdown';
  20 |
  21 | export default function FloatingChatAgent() {



Import trace:
  Server Component:
    ./portfolio-app/src/components/ui/FloatingChatAgent.tsx
    ./portfolio-app/src/app/layout.tsx

https://nextjs.org/docs/messages/module-not-found


    at <unknown> (./portfolio-app/src/components/ui/FloatingChatAgent.tsx:18:1)
    at <unknown> (https://nextjs.org/docs/messages/module-not-found)
