src/components/ui/FloatingChatAgent.tsx(25,23): error TS2339: Property 'input' does not exist on type 'UseChatHelpers<UIMessage<unknown, UIDataTypes, UITools>>'.
src/components/ui/FloatingChatAgent.tsx(25,30): error TS2339: Property 'handleInputChange' does not exist on type 'UseChatHelpers<UIMessage<unknown, UIDataTypes, UITools>>'.
src/components/ui/FloatingChatAgent.tsx(25,49): error TS2339: Property 'handleSubmit' does not exist on type 'UseChatHelpers<UIMessage<unknown, UIDataTypes, UITools>>'.
